cached 1440 / fits
cached 1440 /schedule fits
cached 1440 /results fits
cached 1440 /rankings fits
cached 1440 /stats fits
cached 1440 /news fits
cached 1440 /match/753459 fits
cached 1440 /team/2 fits
cached 1440 /player/9 fits
cached 1440 /nonexistent-audit fits
cached 768 / fits
cached 768 /schedule fits
cached 768 /results fits
cached 768 /rankings fits
cached 768 /stats fits
cached 768 /news fits
cached 768 /match/753459 fits
cached 768 /team/2 fits
cached 768 /player/9 fits
cached 768 /nonexistent-audit fits
cached 390 / fits
cached 390 /schedule fits
cached 390 /results fits
cached 390 /rankings fits
cached 390 /stats fits
cached 390 /news fits
cached 390 /match/753459 fits
cached 390 /team/2 fits
cached 390 /player/9 fits
cached 390 /nonexistent-audit fits
cached 320 / fits
cached 320 /schedule fits
cached 320 /results fits
cached 320 /rankings fits
cached 320 /stats fits
cached 320 /news fits
cached 320 /match/753459 fits
cached 320 /team/2 fits
cached 320 /player/9 fits
cached 320 /nonexistent-audit fits
controlled 1440 /match/controlled-live fits
controlled 1440 /team/controlled-populated fits
controlled 1440 /player/controlled-populated fits
controlled 1440 /schedule fits
controlled 1440 /results fits
controlled 1440 /rankings fits
controlled 1440 /stats fits
controlled 1440 /news fits
controlled 768 /match/controlled-live fits
controlled 768 /team/controlled-populated fits
controlled 768 /player/controlled-populated fits
controlled 768 /schedule fits
controlled 768 /results fits
controlled 768 /rankings fits
controlled 768 /stats fits
controlled 768 /news fits
controlled 390 /match/controlled-live fits
controlled 390 /team/controlled-populated fits
controlled 390 /player/controlled-populated fits
controlled 390 /schedule fits
controlled 390 /results fits
controlled 390 /rankings fits
controlled 390 /stats fits
controlled 390 /news fits
controlled 320 /match/controlled-live fits
controlled 320 /team/controlled-populated fits
controlled 320 /player/controlled-populated fits
controlled 320 /schedule fits
controlled 320 /results fits
controlled 320 /rankings fits
controlled 320 /stats fits
controlled 320 /news fits
