
> frontend@0.1.0 test
> vitest run src/components/live-ticker-hydration.test.ts

[33mThe CJS build of Vite's Node API is deprecated. See https://vite.dev/guide/troubleshooting.html#vite-cjs-node-api-deprecated for more details.[39m

 RUN  v2.1.9 /opt/vlr-api/frontend

stderr | src/components/live-ticker-hydration.test.ts > StatTicker island — SSR ↔ hydrate parity > renders nothing on the server and hydrates with zero hydration errors
An update to Root inside a test was not wrapped in act(...).

When testing, code that causes React state updates should be wrapped into act(...):

act(() => {
  /* fire events that update state */
});
/* assert on the output */

This ensures that you're testing the behavior the user would see in the browser. Learn more at https://react.dev/link/wrap-tests-with-act

stderr | src/components/live-ticker-hydration.test.ts > StatTicker island — static mode (fetch on mount) > fetches /api/ticker on mount and renders the curated tape
An update to Root inside a test was not wrapped in act(...).

When testing, code that causes React state updates should be wrapped into act(...):

act(() => {
  /* fire events that update state */
});
/* assert on the output */

This ensures that you're testing the behavior the user would see in the browser. Learn more at https://react.dev/link/wrap-tests-with-act

stderr | src/components/live-ticker-hydration.test.ts > StatTicker island — static mode (fetch on mount) > refreshes the static tape on its interval (no full reload needed)
An update to Root inside a test was not wrapped in act(...).

When testing, code that causes React state updates should be wrapped into act(...):

act(() => {
  /* fire events that update state */
});
/* assert on the output */

This ensures that you're testing the behavior the user would see in the browser. Learn more at https://react.dev/link/wrap-tests-with-act

stderr | src/components/live-ticker-hydration.test.ts > StatTicker island — live mode discovery + switch > discovers a live match on mount and renders the LIVE tape
An update to Root inside a test was not wrapped in act(...).

When testing, code that causes React state updates should be wrapped into act(...):

act(() => {
  /* fire events that update state */
});
/* assert on the output */

This ensures that you're testing the behavior the user would see in the browser. Learn more at https://react.dev/link/wrap-tests-with-act

stderr | src/components/live-ticker-hydration.test.ts > StatTicker island — live mode discovery + switch > reverts to the static tape when a poll reports the match FINAL
An update to Root inside a test was not wrapped in act(...).

When testing, code that causes React state updates should be wrapped into act(...):

act(() => {
  /* fire events that update state */
});
/* assert on the output */

This ensures that you're testing the behavior the user would see in the browser. Learn more at https://react.dev/link/wrap-tests-with-act

 ✓ src/components/live-ticker-hydration.test.ts (6 tests) 91ms

 Test Files  1 passed (1)
      Tests  6 passed (6)
   Start at  13:00:20
   Duration  851ms (transform 154ms, setup 0ms, collect 286ms, tests 91ms, environment 195ms, prepare 53ms)
