UTC start: 2026-09-27T12:44:56.740345+00:00
Command: npm run build -- --webpack
Directory: /tmp/vlr-preview/news-final


> frontend@0.1.0 build
> next build --webpack

▲ Next.js 16.2.7 (webpack)

  Creating an optimized production build ...
✓ Compiled successfully in 9.6s
  Running TypeScript ...
  Finished TypeScript in 9.6s ...
  Collecting page data using 1 worker ...
  Generating static pages using 1 worker (0/3) ...
✓ Generating static pages using 1 worker (3/3) in 277ms
  Finalizing page optimization ...
  Collecting build traces ...

Route (app)
┌ ƒ /
├ ○ /_not-found
├ ƒ /api/match/[id]
├ ƒ /api/matches/live
├ ƒ /api/matches/results
├ ƒ /api/matches/upcoming
├ ƒ /api/news
├ ƒ /api/player/[id]
├ ƒ /api/players
├ ƒ /api/rankings
├ ƒ /api/stats
├ ƒ /api/streamers
├ ƒ /api/team/[id]
├ ƒ /api/ticker
├ ƒ /api/trends/player/[id]
├ ƒ /api/trends/team/[id]
├ ƒ /match/[id]
├ ƒ /news
├ ƒ /player/[id]
├ ƒ /rankings
├ ƒ /results
├ ƒ /schedule
├ ƒ /stats
└ ƒ /team/[id]


○  (Static)   prerendered as static content
ƒ  (Dynamic)  server-rendered on demand


UTC end: 2026-09-27T12:45:28.312298+00:00
Exit code: 0
