
> frontend@0.1.0 test
> vitest run src/lib/upstream-deadline.test.ts src/components/live-match-detail.test.ts

[33mThe CJS build of Vite's Node API is deprecated. See https://vite.dev/guide/troubleshooting.html#vite-cjs-node-api-deprecated for more details.[39m

 RUN  v2.1.9 /opt/vlr-api/frontend

stderr | src/components/live-match-detail.test.ts > LiveMatchDetail — poll while live, stop on final, hydration-safe > polls every 30s while live and updates the scorebug
An update to Root inside a test was not wrapped in act(...).

When testing, code that causes React state updates should be wrapped into act(...):

act(() => {
  /* fire events that update state */
});
/* assert on the output */

This ensures that you're testing the behavior the user would see in the browser. Learn more at https://react.dev/link/wrap-tests-with-act

stderr | src/components/live-match-detail.test.ts > LiveMatchDetail — poll while live, stop on final, hydration-safe > stops polling once the match finals, showing the series score
An update to Root inside a test was not wrapped in act(...).

When testing, code that causes React state updates should be wrapped into act(...):

act(() => {
  /* fire events that update state */
});
/* assert on the output */

This ensures that you're testing the behavior the user would see in the browser. Learn more at https://react.dev/link/wrap-tests-with-act

stderr | src/components/live-match-detail.test.ts > LiveMatchDetail — poll while live, stop on final, hydration-safe > never polls a match that's already completed
An update to Root inside a test was not wrapped in act(...).

When testing, code that causes React state updates should be wrapped into act(...):

act(() => {
  /* fire events that update state */
});
/* assert on the output */

This ensures that you're testing the behavior the user would see in the browser. Learn more at https://react.dev/link/wrap-tests-with-act

 ✓ src/components/live-match-detail.test.ts (8 tests) 214ms
 ✓ src/lib/upstream-deadline.test.ts (20 tests) 23ms

 Test Files  2 passed (2)
      Tests  28 passed (28)
   Start at  13:23:59
   Duration  1.22s (transform 197ms, setup 0ms, collect 327ms, tests 237ms, environment 220ms, prepare 98ms)
