INFO:httpx:HTTP Request: GET https://fixture.invalid/9001 "HTTP/1.1 200 OK"
INFO:httpx:HTTP Request: GET https://fixture.invalid/team/9001 "HTTP/1.1 200 OK"
INFO:httpx:HTTP Request: GET https://fixture.invalid/player/9001/?timespan=all "HTTP/1.1 200 OK"
INFO:httpx:HTTP Request: GET https://fixture.invalid/9001 "HTTP/1.1 200 OK"
INFO:httpx:HTTP Request: GET https://fixture.invalid/team/9001 "HTTP/1.1 200 OK"
INFO:httpx:HTTP Request: GET https://fixture.invalid/player/9001/?timespan=all "HTTP/1.1 200 OK"
INFO:httpx:HTTP Request: GET https://fixture.invalid/9001 "HTTP/1.1 503 Service Unavailable"
INFO:httpx:HTTP Request: GET https://fixture.invalid/9001 "HTTP/1.1 503 Service Unavailable"
INFO:httpx:HTTP Request: GET https://fixture.invalid/9001 "HTTP/1.1 503 Service Unavailable"
ERROR:    Exception in ASGI application
Traceback (most recent call last):
  File "/opt/vlr-api/.venv/lib/python3.13/site-packages/uvicorn/protocols/http/httptools_impl.py", line 422, in run_asgi
    result = await app(  # type: ignore[func-returns-value]
             ^^^^^^^^^^^^^^^^^^^^^^^^^^^^^^^^^^^^^^^^^^^^^^
        self.scope, self.receive, self.send
        ^^^^^^^^^^^^^^^^^^^^^^^^^^^^^^^^^^^
    )
    ^
  File "/opt/vlr-api/.venv/lib/python3.13/site-packages/uvicorn/middleware/proxy_headers.py", line 63, in __call__
    return await self.app(scope, receive, send)
           ^^^^^^^^^^^^^^^^^^^^^^^^^^^^^^^^^^^^
  File "/opt/vlr-api/.venv/lib/python3.13/site-packages/fastapi/applications.py", line 1163, in __call__
    await super().__call__(scope, receive, send)
  File "/opt/vlr-api/.venv/lib/python3.13/site-packages/starlette/applications.py", line 96, in __call__
    await self.middleware_stack(scope, receive, send)
  File "/opt/vlr-api/.venv/lib/python3.13/site-packages/starlette/middleware/errors.py", line 186, in __call__
    raise exc
  File "/opt/vlr-api/.venv/lib/python3.13/site-packages/starlette/middleware/errors.py", line 164, in __call__
    await self.app(scope, receive, _send)
  File "/opt/vlr-api/.venv/lib/python3.13/site-packages/starlette/middleware/exceptions.py", line 63, in __call__
    await wrap_app_handling_exceptions(self.app, conn)(scope, receive, send)
  File "/opt/vlr-api/.venv/lib/python3.13/site-packages/starlette/_exception_handler.py", line 53, in wrapped_app
    raise exc
  File "/opt/vlr-api/.venv/lib/python3.13/site-packages/starlette/_exception_handler.py", line 42, in wrapped_app
    await app(scope, receive, sender)
  File "/opt/vlr-api/.venv/lib/python3.13/site-packages/fastapi/middleware/asyncexitstack.py", line 18, in __call__
    await self.app(scope, receive, send)
  File "/opt/vlr-api/.venv/lib/python3.13/site-packages/starlette/routing.py", line 670, in __call__
    await self.middleware_stack(scope, receive, send)
  File "/opt/vlr-api/.venv/lib/python3.13/site-packages/fastapi/routing.py", line 2734, in app
    await route.handle(scope, receive, send)
  File "/opt/vlr-api/.venv/lib/python3.13/site-packages/fastapi/routing.py", line 1780, in handle
    await self.original_router.handle(scope, receive, send)
  File "/opt/vlr-api/.venv/lib/python3.13/site-packages/fastapi/routing.py", line 2789, in handle
    await included_router._handle_selected(scope, receive, send)
  File "/opt/vlr-api/.venv/lib/python3.13/site-packages/fastapi/routing.py", line 1800, in _handle_selected
    await original_route.handle(scope, receive, send)
  File "/opt/vlr-api/.venv/lib/python3.13/site-packages/fastapi/routing.py", line 1279, in handle
    await app(scope, receive, send)
  File "/opt/vlr-api/.venv/lib/python3.13/site-packages/fastapi/routing.py", line 158, in app
    await wrap_app_handling_exceptions(app, request)(scope, receive, send)
  File "/opt/vlr-api/.venv/lib/python3.13/site-packages/starlette/_exception_handler.py", line 53, in wrapped_app
    raise exc
  File "/opt/vlr-api/.venv/lib/python3.13/site-packages/starlette/_exception_handler.py", line 42, in wrapped_app
    await app(scope, receive, sender)
  File "/opt/vlr-api/.venv/lib/python3.13/site-packages/fastapi/routing.py", line 144, in app
    response = await f(request)
               ^^^^^^^^^^^^^^^^
  File "/opt/vlr-api/.venv/lib/python3.13/site-packages/fastapi/routing.py", line 706, in app
    raw_response = await run_endpoint_function(
                   ^^^^^^^^^^^^^^^^^^^^^^^^^^^^
    ...<3 lines>...
    )
    ^
  File "/opt/vlr-api/.venv/lib/python3.13/site-packages/fastapi/routing.py", line 352, in run_endpoint_function
    return await dependant.call(**values)
           ^^^^^^^^^^^^^^^^^^^^^^^^^^^^^^
  File "/opt/vlr-api/app/api/v1/routes.py", line 346, in match
    data = await R.refresh_match(match_id)
           ^^^^^^^^^^^^^^^^^^^^^^^^^^^^^^^
  File "/opt/vlr-api/app/services/refresh.py", line 268, in refresh_match
    data = await md.fetch_match(match_id)
           ^^^^^^^^^^^^^^^^^^^^^^^^^^^^^^
  File "/opt/vlr-api/app/scrapers/match_detail.py", line 275, in fetch_match
    html = await get_client().get_html(f"/{match_id}")
           ^^^^^^^^^^^^^^^^^^^^^^^^^^^^^^^^^^^^^^^^^^^
  File "/opt/vlr-api/app/core/http.py", line 106, in get_html
    return (await self.get_raw(path)).text
            ^^^^^^^^^^^^^^^^^^^^^^^^
  File "/opt/vlr-api/app/core/http.py", line 103, in get_raw
    raise last_exc
httpx.HTTPStatusError: retryable 503
INFO:httpx:HTTP Request: GET https://fixture.invalid/9001 "HTTP/1.1 200 OK"
INFO:httpx:HTTP Request: GET https://fixture.invalid/team/9001 "HTTP/1.1 200 OK"
INFO:httpx:HTTP Request: GET https://fixture.invalid/player/9001/?timespan=all "HTTP/1.1 200 OK"
INFO:httpx:HTTP Request: GET https://fixture.invalid/9001 "HTTP/1.1 200 OK"
INFO:httpx:HTTP Request: GET https://fixture.invalid/team/9001 "HTTP/1.1 200 OK"
INFO:httpx:HTTP Request: GET https://fixture.invalid/player/9001/?timespan=all "HTTP/1.1 200 OK"
INFO:httpx:HTTP Request: GET https://fixture.invalid/9001 "HTTP/1.1 503 Service Unavailable"
INFO:httpx:HTTP Request: GET https://fixture.invalid/9001 "HTTP/1.1 503 Service Unavailable"
INFO:httpx:HTTP Request: GET https://fixture.invalid/9001 "HTTP/1.1 503 Service Unavailable"
ERROR:    Exception in ASGI application
Traceback (most recent call last):
  File "/opt/vlr-api/.venv/lib/python3.13/site-packages/uvicorn/protocols/http/httptools_impl.py", line 422, in run_asgi
    result = await app(  # type: ignore[func-returns-value]
             ^^^^^^^^^^^^^^^^^^^^^^^^^^^^^^^^^^^^^^^^^^^^^^
        self.scope, self.receive, self.send
        ^^^^^^^^^^^^^^^^^^^^^^^^^^^^^^^^^^^
    )
    ^
  File "/opt/vlr-api/.venv/lib/python3.13/site-packages/uvicorn/middleware/proxy_headers.py", line 63, in __call__
    return await self.app(scope, receive, send)
           ^^^^^^^^^^^^^^^^^^^^^^^^^^^^^^^^^^^^
  File "/opt/vlr-api/.venv/lib/python3.13/site-packages/fastapi/applications.py", line 1163, in __call__
    await super().__call__(scope, receive, send)
  File "/opt/vlr-api/.venv/lib/python3.13/site-packages/starlette/applications.py", line 96, in __call__
    await self.middleware_stack(scope, receive, send)
  File "/opt/vlr-api/.venv/lib/python3.13/site-packages/starlette/middleware/errors.py", line 186, in __call__
    raise exc
  File "/opt/vlr-api/.venv/lib/python3.13/site-packages/starlette/middleware/errors.py", line 164, in __call__
    await self.app(scope, receive, _send)
  File "/opt/vlr-api/.venv/lib/python3.13/site-packages/starlette/middleware/exceptions.py", line 63, in __call__
    await wrap_app_handling_exceptions(self.app, conn)(scope, receive, send)
  File "/opt/vlr-api/.venv/lib/python3.13/site-packages/starlette/_exception_handler.py", line 53, in wrapped_app
    raise exc
  File "/opt/vlr-api/.venv/lib/python3.13/site-packages/starlette/_exception_handler.py", line 42, in wrapped_app
    await app(scope, receive, sender)
  File "/opt/vlr-api/.venv/lib/python3.13/site-packages/fastapi/middleware/asyncexitstack.py", line 18, in __call__
    await self.app(scope, receive, send)
  File "/opt/vlr-api/.venv/lib/python3.13/site-packages/starlette/routing.py", line 670, in __call__
    await self.middleware_stack(scope, receive, send)
  File "/opt/vlr-api/.venv/lib/python3.13/site-packages/fastapi/routing.py", line 2734, in app
    await route.handle(scope, receive, send)
  File "/opt/vlr-api/.venv/lib/python3.13/site-packages/fastapi/routing.py", line 1780, in handle
    await self.original_router.handle(scope, receive, send)
  File "/opt/vlr-api/.venv/lib/python3.13/site-packages/fastapi/routing.py", line 2789, in handle
    await included_router._handle_selected(scope, receive, send)
  File "/opt/vlr-api/.venv/lib/python3.13/site-packages/fastapi/routing.py", line 1800, in _handle_selected
    await original_route.handle(scope, receive, send)
  File "/opt/vlr-api/.venv/lib/python3.13/site-packages/fastapi/routing.py", line 1279, in handle
    await app(scope, receive, send)
  File "/opt/vlr-api/.venv/lib/python3.13/site-packages/fastapi/routing.py", line 158, in app
    await wrap_app_handling_exceptions(app, request)(scope, receive, send)
  File "/opt/vlr-api/.venv/lib/python3.13/site-packages/starlette/_exception_handler.py", line 53, in wrapped_app
    raise exc
  File "/opt/vlr-api/.venv/lib/python3.13/site-packages/starlette/_exception_handler.py", line 42, in wrapped_app
    await app(scope, receive, sender)
  File "/opt/vlr-api/.venv/lib/python3.13/site-packages/fastapi/routing.py", line 144, in app
    response = await f(request)
               ^^^^^^^^^^^^^^^^
  File "/opt/vlr-api/.venv/lib/python3.13/site-packages/fastapi/routing.py", line 706, in app
    raw_response = await run_endpoint_function(
                   ^^^^^^^^^^^^^^^^^^^^^^^^^^^^
    ...<3 lines>...
    )
    ^
  File "/opt/vlr-api/.venv/lib/python3.13/site-packages/fastapi/routing.py", line 352, in run_endpoint_function
    return await dependant.call(**values)
           ^^^^^^^^^^^^^^^^^^^^^^^^^^^^^^
  File "/opt/vlr-api/app/api/v1/routes.py", line 346, in match
    except VlrNotFound:
                   ^^^^
  File "/opt/vlr-api/app/services/refresh.py", line 268, in refresh_match
    agent_stats=data.get("agent_stats") or [],
    ^^^^^^^^^^^^^^^^^^^^^^^^^^^^^
  File "/opt/vlr-api/app/scrapers/match_detail.py", line 275, in fetch_match
    html = await get_client().get_html(f"/{match_id}")
           ^^^^^^^^^^^^^^^^^^^^^^^^^^^^^^^^^^^^^^^^^^^
  File "/opt/vlr-api/app/core/http.py", line 106, in get_html
    return (await self.get_raw(path)).text
            ^^^^^^^^^^^^^^^^^^^^^^^^
  File "/opt/vlr-api/app/core/http.py", line 103, in get_raw
    raise last_exc
httpx.HTTPStatusError: retryable 503
INFO:httpx:HTTP Request: GET https://fixture.invalid/9001 "HTTP/1.1 503 Service Unavailable"
INFO:httpx:HTTP Request: GET https://fixture.invalid/9001 "HTTP/1.1 503 Service Unavailable"
INFO:httpx:HTTP Request: GET https://fixture.invalid/9001 "HTTP/1.1 503 Service Unavailable"
ERROR:    Exception in ASGI application
Traceback (most recent call last):
  File "/opt/vlr-api/.venv/lib/python3.13/site-packages/uvicorn/protocols/http/httptools_impl.py", line 422, in run_asgi
    result = await app(  # type: ignore[func-returns-value]
             ^^^^^^^^^^^^^^^^^^^^^^^^^^^^^^^^^^^^^^^^^^^^^^
        self.scope, self.receive, self.send
        ^^^^^^^^^^^^^^^^^^^^^^^^^^^^^^^^^^^
    )
    ^
  File "/opt/vlr-api/.venv/lib/python3.13/site-packages/uvicorn/middleware/proxy_headers.py", line 63, in __call__
    return await self.app(scope, receive, send)
           ^^^^^^^^^^^^^^^^^^^^^^^^^^^^^^^^^^^^
  File "/opt/vlr-api/.venv/lib/python3.13/site-packages/fastapi/applications.py", line 1163, in __call__
    await super().__call__(scope, receive, send)
  File "/opt/vlr-api/.venv/lib/python3.13/site-packages/starlette/applications.py", line 96, in __call__
    await self.middleware_stack(scope, receive, send)
  File "/opt/vlr-api/.venv/lib/python3.13/site-packages/starlette/middleware/errors.py", line 186, in __call__
    raise exc
  File "/opt/vlr-api/.venv/lib/python3.13/site-packages/starlette/middleware/errors.py", line 164, in __call__
    await self.app(scope, receive, _send)
  File "/opt/vlr-api/.venv/lib/python3.13/site-packages/starlette/middleware/exceptions.py", line 63, in __call__
    await wrap_app_handling_exceptions(self.app, conn)(scope, receive, send)
  File "/opt/vlr-api/.venv/lib/python3.13/site-packages/starlette/_exception_handler.py", line 53, in wrapped_app
    raise exc
  File "/opt/vlr-api/.venv/lib/python3.13/site-packages/starlette/_exception_handler.py", line 42, in wrapped_app
    await app(scope, receive, sender)
  File "/opt/vlr-api/.venv/lib/python3.13/site-packages/fastapi/middleware/asyncexitstack.py", line 18, in __call__
    await self.app(scope, receive, send)
  File "/opt/vlr-api/.venv/lib/python3.13/site-packages/starlette/routing.py", line 670, in __call__
    await self.middleware_stack(scope, receive, send)
  File "/opt/vlr-api/.venv/lib/python3.13/site-packages/fastapi/routing.py", line 2734, in app
    await route.handle(scope, receive, send)
  File "/opt/vlr-api/.venv/lib/python3.13/site-packages/fastapi/routing.py", line 1780, in handle
    await self.original_router.handle(scope, receive, send)
  File "/opt/vlr-api/.venv/lib/python3.13/site-packages/fastapi/routing.py", line 2789, in handle
    await included_router._handle_selected(scope, receive, send)
  File "/opt/vlr-api/.venv/lib/python3.13/site-packages/fastapi/routing.py", line 1800, in _handle_selected
    await original_route.handle(scope, receive, send)
  File "/opt/vlr-api/.venv/lib/python3.13/site-packages/fastapi/routing.py", line 1279, in handle
    await app(scope, receive, send)
  File "/opt/vlr-api/.venv/lib/python3.13/site-packages/fastapi/routing.py", line 158, in app
    await wrap_app_handling_exceptions(app, request)(scope, receive, send)
  File "/opt/vlr-api/.venv/lib/python3.13/site-packages/starlette/_exception_handler.py", line 53, in wrapped_app
    raise exc
  File "/opt/vlr-api/.venv/lib/python3.13/site-packages/starlette/_exception_handler.py", line 42, in wrapped_app
    await app(scope, receive, sender)
  File "/opt/vlr-api/.venv/lib/python3.13/site-packages/fastapi/routing.py", line 144, in app
    response = await f(request)
               ^^^^^^^^^^^^^^^^
  File "/opt/vlr-api/.venv/lib/python3.13/site-packages/fastapi/routing.py", line 706, in app
    raw_response = await run_endpoint_function(
                   ^^^^^^^^^^^^^^^^^^^^^^^^^^^^
    ...<3 lines>...
    )
    ^
  File "/opt/vlr-api/.venv/lib/python3.13/site-packages/fastapi/routing.py", line 352, in run_endpoint_function
    return await dependant.call(**values)
           ^^^^^^^^^^^^^^^^^^^^^^^^^^^^^^
  File "/opt/vlr-api/app/api/v1/routes.py", line 346, in match
    except VlrNotFound:
                   ^^^^
  File "/opt/vlr-api/app/services/refresh.py", line 268, in refresh_match
    agent_stats=data.get("agent_stats") or [],
    ^^^^^^^^^^^^^^^^^^^^^^^^^^^^^
  File "/opt/vlr-api/app/scrapers/match_detail.py", line 275, in fetch_match
    html = await get_client().get_html(f"/{match_id}")
           ^^^^^^^^^^^^^^^^^^^^^^^^^^^^^^^^^^^^^^^^^^^
  File "/opt/vlr-api/app/core/http.py", line 106, in get_html
    return (await self.get_raw(path)).text
            ^^^^^^^^^^^^^^^^^^^^^^^^
  File "/opt/vlr-api/app/core/http.py", line 103, in get_raw
    raise last_exc
httpx.HTTPStatusError: retryable 503
INFO:httpx:HTTP Request: GET https://fixture.invalid/9001 "HTTP/1.1 503 Service Unavailable"
INFO:httpx:HTTP Request: GET https://fixture.invalid/9001 "HTTP/1.1 503 Service Unavailable"
INFO:httpx:HTTP Request: GET https://fixture.invalid/9001 "HTTP/1.1 503 Service Unavailable"
ERROR:    Exception in ASGI application
Traceback (most recent call last):
  File "/opt/vlr-api/.venv/lib/python3.13/site-packages/uvicorn/protocols/http/httptools_impl.py", line 422, in run_asgi
    result = await app(  # type: ignore[func-returns-value]
             ^^^^^^^^^^^^^^^^^^^^^^^^^^^^^^^^^^^^^^^^^^^^^^
        self.scope, self.receive, self.send
        ^^^^^^^^^^^^^^^^^^^^^^^^^^^^^^^^^^^
    )
    ^
  File "/opt/vlr-api/.venv/lib/python3.13/site-packages/uvicorn/middleware/proxy_headers.py", line 63, in __call__
    return await self.app(scope, receive, send)
           ^^^^^^^^^^^^^^^^^^^^^^^^^^^^^^^^^^^^
  File "/opt/vlr-api/.venv/lib/python3.13/site-packages/fastapi/applications.py", line 1163, in __call__
    await super().__call__(scope, receive, send)
  File "/opt/vlr-api/.venv/lib/python3.13/site-packages/starlette/applications.py", line 96, in __call__
    await self.middleware_stack(scope, receive, send)
  File "/opt/vlr-api/.venv/lib/python3.13/site-packages/starlette/middleware/errors.py", line 186, in __call__
    raise exc
  File "/opt/vlr-api/.venv/lib/python3.13/site-packages/starlette/middleware/errors.py", line 164, in __call__
    await self.app(scope, receive, _send)
  File "/opt/vlr-api/.venv/lib/python3.13/site-packages/starlette/middleware/exceptions.py", line 63, in __call__
    await wrap_app_handling_exceptions(self.app, conn)(scope, receive, send)
  File "/opt/vlr-api/.venv/lib/python3.13/site-packages/starlette/_exception_handler.py", line 53, in wrapped_app
    raise exc
  File "/opt/vlr-api/.venv/lib/python3.13/site-packages/starlette/_exception_handler.py", line 42, in wrapped_app
    await app(scope, receive, sender)
  File "/opt/vlr-api/.venv/lib/python3.13/site-packages/fastapi/middleware/asyncexitstack.py", line 18, in __call__
    await self.app(scope, receive, send)
  File "/opt/vlr-api/.venv/lib/python3.13/site-packages/starlette/routing.py", line 670, in __call__
    await self.middleware_stack(scope, receive, send)
  File "/opt/vlr-api/.venv/lib/python3.13/site-packages/fastapi/routing.py", line 2734, in app
    await route.handle(scope, receive, send)
  File "/opt/vlr-api/.venv/lib/python3.13/site-packages/fastapi/routing.py", line 1780, in handle
    await self.original_router.handle(scope, receive, send)
  File "/opt/vlr-api/.venv/lib/python3.13/site-packages/fastapi/routing.py", line 2789, in handle
    await included_router._handle_selected(scope, receive, send)
  File "/opt/vlr-api/.venv/lib/python3.13/site-packages/fastapi/routing.py", line 1800, in _handle_selected
    await original_route.handle(scope, receive, send)
  File "/opt/vlr-api/.venv/lib/python3.13/site-packages/fastapi/routing.py", line 1279, in handle
    await app(scope, receive, send)
  File "/opt/vlr-api/.venv/lib/python3.13/site-packages/fastapi/routing.py", line 158, in app
    await wrap_app_handling_exceptions(app, request)(scope, receive, send)
  File "/opt/vlr-api/.venv/lib/python3.13/site-packages/starlette/_exception_handler.py", line 53, in wrapped_app
    raise exc
  File "/opt/vlr-api/.venv/lib/python3.13/site-packages/starlette/_exception_handler.py", line 42, in wrapped_app
    await app(scope, receive, sender)
  File "/opt/vlr-api/.venv/lib/python3.13/site-packages/fastapi/routing.py", line 144, in app
    response = await f(request)
               ^^^^^^^^^^^^^^^^
  File "/opt/vlr-api/.venv/lib/python3.13/site-packages/fastapi/routing.py", line 706, in app
    raw_response = await run_endpoint_function(
                   ^^^^^^^^^^^^^^^^^^^^^^^^^^^^
    ...<3 lines>...
    )
    ^
  File "/opt/vlr-api/.venv/lib/python3.13/site-packages/fastapi/routing.py", line 352, in run_endpoint_function
    return await dependant.call(**values)
           ^^^^^^^^^^^^^^^^^^^^^^^^^^^^^^
  File "/opt/vlr-api/app/api/v1/routes.py", line 346, in match
    except VlrNotFound:
                   ^^^^
  File "/opt/vlr-api/app/services/refresh.py", line 268, in refresh_match
    agent_stats=data.get("agent_stats") or [],
    ^^^^^^^^^^^^^^^^^^^^^^^^^^^^^
  File "/opt/vlr-api/app/scrapers/match_detail.py", line 275, in fetch_match
    html = await get_client().get_html(f"/{match_id}")
           ^^^^^^^^^^^^^^^^^^^^^^^^^^^^^^^^^^^^^^^^^^^
  File "/opt/vlr-api/app/core/http.py", line 106, in get_html
    return (await self.get_raw(path)).text
            ^^^^^^^^^^^^^^^^^^^^^^^^
  File "/opt/vlr-api/app/core/http.py", line 103, in get_raw
    raise last_exc
httpx.HTTPStatusError: retryable 503
INFO:httpx:HTTP Request: GET https://fixture.invalid/team/9001 "HTTP/1.1 503 Service Unavailable"
INFO:httpx:HTTP Request: GET https://fixture.invalid/team/9001 "HTTP/1.1 503 Service Unavailable"
INFO:httpx:HTTP Request: GET https://fixture.invalid/team/9001 "HTTP/1.1 503 Service Unavailable"
ERROR:    Exception in ASGI application
Traceback (most recent call last):
  File "/opt/vlr-api/.venv/lib/python3.13/site-packages/uvicorn/protocols/http/httptools_impl.py", line 422, in run_asgi
    result = await app(  # type: ignore[func-returns-value]
             ^^^^^^^^^^^^^^^^^^^^^^^^^^^^^^^^^^^^^^^^^^^^^^
        self.scope, self.receive, self.send
        ^^^^^^^^^^^^^^^^^^^^^^^^^^^^^^^^^^^
    )
    ^
  File "/opt/vlr-api/.venv/lib/python3.13/site-packages/uvicorn/middleware/proxy_headers.py", line 63, in __call__
    return await self.app(scope, receive, send)
           ^^^^^^^^^^^^^^^^^^^^^^^^^^^^^^^^^^^^
  File "/opt/vlr-api/.venv/lib/python3.13/site-packages/fastapi/applications.py", line 1163, in __call__
    await super().__call__(scope, receive, send)
  File "/opt/vlr-api/.venv/lib/python3.13/site-packages/starlette/applications.py", line 96, in __call__
    await self.middleware_stack(scope, receive, send)
  File "/opt/vlr-api/.venv/lib/python3.13/site-packages/starlette/middleware/errors.py", line 186, in __call__
    raise exc
  File "/opt/vlr-api/.venv/lib/python3.13/site-packages/starlette/middleware/errors.py", line 164, in __call__
    await self.app(scope, receive, _send)
  File "/opt/vlr-api/.venv/lib/python3.13/site-packages/starlette/middleware/exceptions.py", line 63, in __call__
    await wrap_app_handling_exceptions(self.app, conn)(scope, receive, send)
  File "/opt/vlr-api/.venv/lib/python3.13/site-packages/starlette/_exception_handler.py", line 53, in wrapped_app
    raise exc
  File "/opt/vlr-api/.venv/lib/python3.13/site-packages/starlette/_exception_handler.py", line 42, in wrapped_app
    await app(scope, receive, sender)
  File "/opt/vlr-api/.venv/lib/python3.13/site-packages/fastapi/middleware/asyncexitstack.py", line 18, in __call__
    await self.app(scope, receive, send)
  File "/opt/vlr-api/.venv/lib/python3.13/site-packages/starlette/routing.py", line 670, in __call__
    await self.middleware_stack(scope, receive, send)
  File "/opt/vlr-api/.venv/lib/python3.13/site-packages/fastapi/routing.py", line 2734, in app
    await route.handle(scope, receive, send)
  File "/opt/vlr-api/.venv/lib/python3.13/site-packages/fastapi/routing.py", line 1780, in handle
    await self.original_router.handle(scope, receive, send)
  File "/opt/vlr-api/.venv/lib/python3.13/site-packages/fastapi/routing.py", line 2789, in handle
    await included_router._handle_selected(scope, receive, send)
  File "/opt/vlr-api/.venv/lib/python3.13/site-packages/fastapi/routing.py", line 1800, in _handle_selected
    await original_route.handle(scope, receive, send)
  File "/opt/vlr-api/.venv/lib/python3.13/site-packages/fastapi/routing.py", line 1279, in handle
    await app(scope, receive, send)
  File "/opt/vlr-api/.venv/lib/python3.13/site-packages/fastapi/routing.py", line 158, in app
    await wrap_app_handling_exceptions(app, request)(scope, receive, send)
  File "/opt/vlr-api/.venv/lib/python3.13/site-packages/starlette/_exception_handler.py", line 53, in wrapped_app
    raise exc
  File "/opt/vlr-api/.venv/lib/python3.13/site-packages/starlette/_exception_handler.py", line 42, in wrapped_app
    await app(scope, receive, sender)
  File "/opt/vlr-api/.venv/lib/python3.13/site-packages/fastapi/routing.py", line 144, in app
    response = await f(request)
               ^^^^^^^^^^^^^^^^
  File "/opt/vlr-api/.venv/lib/python3.13/site-packages/fastapi/routing.py", line 706, in app
    raw_response = await run_endpoint_function(
                   ^^^^^^^^^^^^^^^^^^^^^^^^^^^^
    ...<3 lines>...
    )
    ^
  File "/opt/vlr-api/.venv/lib/python3.13/site-packages/fastapi/routing.py", line 352, in run_endpoint_function
    return await dependant.call(**values)
           ^^^^^^^^^^^^^^^^^^^^^^^^^^^^^^
  File "/opt/vlr-api/app/api/v1/routes.py", line 331, in team
    #
  File "/opt/vlr-api/app/services/refresh.py", line 357, in refresh_team
    "url": m.get("url"),
  File "/opt/vlr-api/app/scrapers/teams.py", line 161, in fetch_team
    html = await get_client().get_html(f"/team/{team_id}")
           ^^^^^^^^^^^^^^^^^^^^^^^^^^^^^^^^^^^^^^^^^^^^^^^
  File "/opt/vlr-api/app/core/http.py", line 106, in get_html
    return (await self.get_raw(path)).text
            ^^^^^^^^^^^^^^^^^^^^^^^^
  File "/opt/vlr-api/app/core/http.py", line 103, in get_raw
    raise last_exc
httpx.HTTPStatusError: retryable 503
INFO:httpx:HTTP Request: GET https://fixture.invalid/team/9001 "HTTP/1.1 503 Service Unavailable"
INFO:httpx:HTTP Request: GET https://fixture.invalid/team/9001 "HTTP/1.1 503 Service Unavailable"
INFO:httpx:HTTP Request: GET https://fixture.invalid/team/9001 "HTTP/1.1 503 Service Unavailable"
ERROR:    Exception in ASGI application
Traceback (most recent call last):
  File "/opt/vlr-api/.venv/lib/python3.13/site-packages/uvicorn/protocols/http/httptools_impl.py", line 422, in run_asgi
    result = await app(  # type: ignore[func-returns-value]
             ^^^^^^^^^^^^^^^^^^^^^^^^^^^^^^^^^^^^^^^^^^^^^^
        self.scope, self.receive, self.send
        ^^^^^^^^^^^^^^^^^^^^^^^^^^^^^^^^^^^
    )
    ^
  File "/opt/vlr-api/.venv/lib/python3.13/site-packages/uvicorn/middleware/proxy_headers.py", line 63, in __call__
    return await self.app(scope, receive, send)
           ^^^^^^^^^^^^^^^^^^^^^^^^^^^^^^^^^^^^
  File "/opt/vlr-api/.venv/lib/python3.13/site-packages/fastapi/applications.py", line 1163, in __call__
    await super().__call__(scope, receive, send)
  File "/opt/vlr-api/.venv/lib/python3.13/site-packages/starlette/applications.py", line 96, in __call__
    await self.middleware_stack(scope, receive, send)
  File "/opt/vlr-api/.venv/lib/python3.13/site-packages/starlette/middleware/errors.py", line 186, in __call__
    raise exc
  File "/opt/vlr-api/.venv/lib/python3.13/site-packages/starlette/middleware/errors.py", line 164, in __call__
    await self.app(scope, receive, _send)
  File "/opt/vlr-api/.venv/lib/python3.13/site-packages/starlette/middleware/exceptions.py", line 63, in __call__
    await wrap_app_handling_exceptions(self.app, conn)(scope, receive, send)
  File "/opt/vlr-api/.venv/lib/python3.13/site-packages/starlette/_exception_handler.py", line 53, in wrapped_app
    raise exc
  File "/opt/vlr-api/.venv/lib/python3.13/site-packages/starlette/_exception_handler.py", line 42, in wrapped_app
    await app(scope, receive, sender)
  File "/opt/vlr-api/.venv/lib/python3.13/site-packages/fastapi/middleware/asyncexitstack.py", line 18, in __call__
    await self.app(scope, receive, send)
  File "/opt/vlr-api/.venv/lib/python3.13/site-packages/starlette/routing.py", line 670, in __call__
    await self.middleware_stack(scope, receive, send)
  File "/opt/vlr-api/.venv/lib/python3.13/site-packages/fastapi/routing.py", line 2734, in app
    await route.handle(scope, receive, send)
  File "/opt/vlr-api/.venv/lib/python3.13/site-packages/fastapi/routing.py", line 1780, in handle
    await self.original_router.handle(scope, receive, send)
  File "/opt/vlr-api/.venv/lib/python3.13/site-packages/fastapi/routing.py", line 2789, in handle
    await included_router._handle_selected(scope, receive, send)
  File "/opt/vlr-api/.venv/lib/python3.13/site-packages/fastapi/routing.py", line 1800, in _handle_selected
    await original_route.handle(scope, receive, send)
  File "/opt/vlr-api/.venv/lib/python3.13/site-packages/fastapi/routing.py", line 1279, in handle
    await app(scope, receive, send)
  File "/opt/vlr-api/.venv/lib/python3.13/site-packages/fastapi/routing.py", line 158, in app
    await wrap_app_handling_exceptions(app, request)(scope, receive, send)
  File "/opt/vlr-api/.venv/lib/python3.13/site-packages/starlette/_exception_handler.py", line 53, in wrapped_app
    raise exc
  File "/opt/vlr-api/.venv/lib/python3.13/site-packages/starlette/_exception_handler.py", line 42, in wrapped_app
    await app(scope, receive, sender)
  File "/opt/vlr-api/.venv/lib/python3.13/site-packages/fastapi/routing.py", line 144, in app
    response = await f(request)
               ^^^^^^^^^^^^^^^^
  File "/opt/vlr-api/.venv/lib/python3.13/site-packages/fastapi/routing.py", line 706, in app
    raw_response = await run_endpoint_function(
                   ^^^^^^^^^^^^^^^^^^^^^^^^^^^^
    ...<3 lines>...
    )
    ^
  File "/opt/vlr-api/.venv/lib/python3.13/site-packages/fastapi/routing.py", line 352, in run_endpoint_function
    return await dependant.call(**values)
           ^^^^^^^^^^^^^^^^^^^^^^^^^^^^^^
  File "/opt/vlr-api/app/api/v1/routes.py", line 331, in team
    #
  File "/opt/vlr-api/app/services/refresh.py", line 357, in refresh_team
    "url": m.get("url"),
  File "/opt/vlr-api/app/scrapers/teams.py", line 161, in fetch_team
    html = await get_client().get_html(f"/team/{team_id}")
           ^^^^^^^^^^^^^^^^^^^^^^^^^^^^^^^^^^^^^^^^^^^^^^^
  File "/opt/vlr-api/app/core/http.py", line 106, in get_html
    return (await self.get_raw(path)).text
            ^^^^^^^^^^^^^^^^^^^^^^^^
  File "/opt/vlr-api/app/core/http.py", line 103, in get_raw
    raise last_exc
httpx.HTTPStatusError: retryable 503
INFO:httpx:HTTP Request: GET https://fixture.invalid/player/9001/?timespan=all "HTTP/1.1 503 Service Unavailable"
INFO:httpx:HTTP Request: GET https://fixture.invalid/player/9001/?timespan=all "HTTP/1.1 503 Service Unavailable"
INFO:httpx:HTTP Request: GET https://fixture.invalid/player/9001/?timespan=all "HTTP/1.1 503 Service Unavailable"
ERROR:    Exception in ASGI application
Traceback (most recent call last):
  File "/opt/vlr-api/.venv/lib/python3.13/site-packages/uvicorn/protocols/http/httptools_impl.py", line 422, in run_asgi
    result = await app(  # type: ignore[func-returns-value]
             ^^^^^^^^^^^^^^^^^^^^^^^^^^^^^^^^^^^^^^^^^^^^^^
        self.scope, self.receive, self.send
        ^^^^^^^^^^^^^^^^^^^^^^^^^^^^^^^^^^^
    )
    ^
  File "/opt/vlr-api/.venv/lib/python3.13/site-packages/uvicorn/middleware/proxy_headers.py", line 63, in __call__
    return await self.app(scope, receive, send)
           ^^^^^^^^^^^^^^^^^^^^^^^^^^^^^^^^^^^^
  File "/opt/vlr-api/.venv/lib/python3.13/site-packages/fastapi/applications.py", line 1163, in __call__
    await super().__call__(scope, receive, send)
  File "/opt/vlr-api/.venv/lib/python3.13/site-packages/starlette/applications.py", line 96, in __call__
    await self.middleware_stack(scope, receive, send)
  File "/opt/vlr-api/.venv/lib/python3.13/site-packages/starlette/middleware/errors.py", line 186, in __call__
    raise exc
  File "/opt/vlr-api/.venv/lib/python3.13/site-packages/starlette/middleware/errors.py", line 164, in __call__
    await self.app(scope, receive, _send)
  File "/opt/vlr-api/.venv/lib/python3.13/site-packages/starlette/middleware/exceptions.py", line 63, in __call__
    await wrap_app_handling_exceptions(self.app, conn)(scope, receive, send)
  File "/opt/vlr-api/.venv/lib/python3.13/site-packages/starlette/_exception_handler.py", line 53, in wrapped_app
    raise exc
  File "/opt/vlr-api/.venv/lib/python3.13/site-packages/starlette/_exception_handler.py", line 42, in wrapped_app
    await app(scope, receive, sender)
  File "/opt/vlr-api/.venv/lib/python3.13/site-packages/fastapi/middleware/asyncexitstack.py", line 18, in __call__
    await self.app(scope, receive, send)
  File "/opt/vlr-api/.venv/lib/python3.13/site-packages/starlette/routing.py", line 670, in __call__
    await self.middleware_stack(scope, receive, send)
  File "/opt/vlr-api/.venv/lib/python3.13/site-packages/fastapi/routing.py", line 2734, in app
    await route.handle(scope, receive, send)
  File "/opt/vlr-api/.venv/lib/python3.13/site-packages/fastapi/routing.py", line 1780, in handle
    await self.original_router.handle(scope, receive, send)
  File "/opt/vlr-api/.venv/lib/python3.13/site-packages/fastapi/routing.py", line 2789, in handle
    await included_router._handle_selected(scope, receive, send)
  File "/opt/vlr-api/.venv/lib/python3.13/site-packages/fastapi/routing.py", line 1800, in _handle_selected
    await original_route.handle(scope, receive, send)
  File "/opt/vlr-api/.venv/lib/python3.13/site-packages/fastapi/routing.py", line 1279, in handle
    await app(scope, receive, send)
  File "/opt/vlr-api/.venv/lib/python3.13/site-packages/fastapi/routing.py", line 158, in app
    await wrap_app_handling_exceptions(app, request)(scope, receive, send)
  File "/opt/vlr-api/.venv/lib/python3.13/site-packages/starlette/_exception_handler.py", line 53, in wrapped_app
    raise exc
  File "/opt/vlr-api/.venv/lib/python3.13/site-packages/starlette/_exception_handler.py", line 42, in wrapped_app
    await app(scope, receive, sender)
  File "/opt/vlr-api/.venv/lib/python3.13/site-packages/fastapi/routing.py", line 144, in app
    response = await f(request)
               ^^^^^^^^^^^^^^^^
  File "/opt/vlr-api/.venv/lib/python3.13/site-packages/fastapi/routing.py", line 706, in app
    raw_response = await run_endpoint_function(
                   ^^^^^^^^^^^^^^^^^^^^^^^^^^^^
    ...<3 lines>...
    )
    ^
  File "/opt/vlr-api/.venv/lib/python3.13/site-packages/fastapi/routing.py", line 352, in run_endpoint_function
    return await dependant.call(**values)
           ^^^^^^^^^^^^^^^^^^^^^^^^^^^^^^
  File "/opt/vlr-api/app/api/v1/routes.py", line 321, in player
    except TimeoutError as exc:
               ^^^^^^^^^^^^^^^^
  File "/opt/vlr-api/app/services/refresh.py", line 241, in refresh_player
    # External cancellation still propagates; only history failures/timeouts
  File "/opt/vlr-api/app/scrapers/players.py", line 142, in fetch_player
    html = await get_client().get_html(f"/player/{player_id}/?timespan=all")
           ^^^^^^^^^^^^^^^^^^^^^^^^^^^^^^^^^^^^^^^^^^^^^^^^^^^^^^^^^^^^^^^^^
  File "/opt/vlr-api/app/core/http.py", line 106, in get_html
    return (await self.get_raw(path)).text
            ^^^^^^^^^^^^^^^^^^^^^^^^
  File "/opt/vlr-api/app/core/http.py", line 103, in get_raw
    raise last_exc
httpx.HTTPStatusError: retryable 503
INFO:httpx:HTTP Request: GET https://fixture.invalid/player/9001/?timespan=all "HTTP/1.1 503 Service Unavailable"
INFO:httpx:HTTP Request: GET https://fixture.invalid/player/9001/?timespan=all "HTTP/1.1 503 Service Unavailable"
INFO:httpx:HTTP Request: GET https://fixture.invalid/player/9001/?timespan=all "HTTP/1.1 503 Service Unavailable"
ERROR:    Exception in ASGI application
Traceback (most recent call last):
  File "/opt/vlr-api/.venv/lib/python3.13/site-packages/uvicorn/protocols/http/httptools_impl.py", line 422, in run_asgi
    result = await app(  # type: ignore[func-returns-value]
             ^^^^^^^^^^^^^^^^^^^^^^^^^^^^^^^^^^^^^^^^^^^^^^
        self.scope, self.receive, self.send
        ^^^^^^^^^^^^^^^^^^^^^^^^^^^^^^^^^^^
    )
    ^
  File "/opt/vlr-api/.venv/lib/python3.13/site-packages/uvicorn/middleware/proxy_headers.py", line 63, in __call__
    return await self.app(scope, receive, send)
           ^^^^^^^^^^^^^^^^^^^^^^^^^^^^^^^^^^^^
  File "/opt/vlr-api/.venv/lib/python3.13/site-packages/fastapi/applications.py", line 1163, in __call__
    await super().__call__(scope, receive, send)
  File "/opt/vlr-api/.venv/lib/python3.13/site-packages/starlette/applications.py", line 96, in __call__
    await self.middleware_stack(scope, receive, send)
  File "/opt/vlr-api/.venv/lib/python3.13/site-packages/starlette/middleware/errors.py", line 186, in __call__
    raise exc
  File "/opt/vlr-api/.venv/lib/python3.13/site-packages/starlette/middleware/errors.py", line 164, in __call__
    await self.app(scope, receive, _send)
  File "/opt/vlr-api/.venv/lib/python3.13/site-packages/starlette/middleware/exceptions.py", line 63, in __call__
    await wrap_app_handling_exceptions(self.app, conn)(scope, receive, send)
  File "/opt/vlr-api/.venv/lib/python3.13/site-packages/starlette/_exception_handler.py", line 53, in wrapped_app
    raise exc
  File "/opt/vlr-api/.venv/lib/python3.13/site-packages/starlette/_exception_handler.py", line 42, in wrapped_app
    await app(scope, receive, sender)
  File "/opt/vlr-api/.venv/lib/python3.13/site-packages/fastapi/middleware/asyncexitstack.py", line 18, in __call__
    await self.app(scope, receive, send)
  File "/opt/vlr-api/.venv/lib/python3.13/site-packages/starlette/routing.py", line 670, in __call__
    await self.middleware_stack(scope, receive, send)
  File "/opt/vlr-api/.venv/lib/python3.13/site-packages/fastapi/routing.py", line 2734, in app
    await route.handle(scope, receive, send)
  File "/opt/vlr-api/.venv/lib/python3.13/site-packages/fastapi/routing.py", line 1780, in handle
    await self.original_router.handle(scope, receive, send)
  File "/opt/vlr-api/.venv/lib/python3.13/site-packages/fastapi/routing.py", line 2789, in handle
    await included_router._handle_selected(scope, receive, send)
  File "/opt/vlr-api/.venv/lib/python3.13/site-packages/fastapi/routing.py", line 1800, in _handle_selected
    await original_route.handle(scope, receive, send)
  File "/opt/vlr-api/.venv/lib/python3.13/site-packages/fastapi/routing.py", line 1279, in handle
    await app(scope, receive, send)
  File "/opt/vlr-api/.venv/lib/python3.13/site-packages/fastapi/routing.py", line 158, in app
    await wrap_app_handling_exceptions(app, request)(scope, receive, send)
  File "/opt/vlr-api/.venv/lib/python3.13/site-packages/starlette/_exception_handler.py", line 53, in wrapped_app
    raise exc
  File "/opt/vlr-api/.venv/lib/python3.13/site-packages/starlette/_exception_handler.py", line 42, in wrapped_app
    await app(scope, receive, sender)
  File "/opt/vlr-api/.venv/lib/python3.13/site-packages/fastapi/routing.py", line 144, in app
    response = await f(request)
               ^^^^^^^^^^^^^^^^
  File "/opt/vlr-api/.venv/lib/python3.13/site-packages/fastapi/routing.py", line 706, in app
    raw_response = await run_endpoint_function(
                   ^^^^^^^^^^^^^^^^^^^^^^^^^^^^
    ...<3 lines>...
    )
    ^
  File "/opt/vlr-api/.venv/lib/python3.13/site-packages/fastapi/routing.py", line 352, in run_endpoint_function
    return await dependant.call(**values)
           ^^^^^^^^^^^^^^^^^^^^^^^^^^^^^^
  File "/opt/vlr-api/app/api/v1/routes.py", line 321, in player
    except TimeoutError as exc:
               ^^^^^^^^^^^^^^^^
  File "/opt/vlr-api/app/services/refresh.py", line 241, in refresh_player
    # External cancellation still propagates; only history failures/timeouts
  File "/opt/vlr-api/app/scrapers/players.py", line 142, in fetch_player
    html = await get_client().get_html(f"/player/{player_id}/?timespan=all")
           ^^^^^^^^^^^^^^^^^^^^^^^^^^^^^^^^^^^^^^^^^^^^^^^^^^^^^^^^^^^^^^^^^
  File "/opt/vlr-api/app/core/http.py", line 106, in get_html
    return (await self.get_raw(path)).text
            ^^^^^^^^^^^^^^^^^^^^^^^^
  File "/opt/vlr-api/app/core/http.py", line 103, in get_raw
    raise last_exc
httpx.HTTPStatusError: retryable 503
INFO:httpx:HTTP Request: GET https://fixture.invalid/9001 "HTTP/1.1 404 Not Found"
INFO:httpx:HTTP Request: GET https://fixture.invalid/9001 "HTTP/1.1 404 Not Found"
INFO:httpx:HTTP Request: GET https://fixture.invalid/team/9001 "HTTP/1.1 404 Not Found"
INFO:httpx:HTTP Request: GET https://fixture.invalid/team/9001 "HTTP/1.1 404 Not Found"
INFO:httpx:HTTP Request: GET https://fixture.invalid/player/9001/?timespan=all "HTTP/1.1 404 Not Found"
ERROR:    Exception in ASGI application
Traceback (most recent call last):
  File "/opt/vlr-api/.venv/lib/python3.13/site-packages/uvicorn/protocols/http/httptools_impl.py", line 422, in run_asgi
    result = await app(  # type: ignore[func-returns-value]
             ^^^^^^^^^^^^^^^^^^^^^^^^^^^^^^^^^^^^^^^^^^^^^^
        self.scope, self.receive, self.send
        ^^^^^^^^^^^^^^^^^^^^^^^^^^^^^^^^^^^
    )
    ^
  File "/opt/vlr-api/.venv/lib/python3.13/site-packages/uvicorn/middleware/proxy_headers.py", line 63, in __call__
    return await self.app(scope, receive, send)
           ^^^^^^^^^^^^^^^^^^^^^^^^^^^^^^^^^^^^
  File "/opt/vlr-api/.venv/lib/python3.13/site-packages/fastapi/applications.py", line 1163, in __call__
    await super().__call__(scope, receive, send)
  File "/opt/vlr-api/.venv/lib/python3.13/site-packages/starlette/applications.py", line 96, in __call__
    await self.middleware_stack(scope, receive, send)
  File "/opt/vlr-api/.venv/lib/python3.13/site-packages/starlette/middleware/errors.py", line 186, in __call__
    raise exc
  File "/opt/vlr-api/.venv/lib/python3.13/site-packages/starlette/middleware/errors.py", line 164, in __call__
    await self.app(scope, receive, _send)
  File "/opt/vlr-api/.venv/lib/python3.13/site-packages/starlette/middleware/exceptions.py", line 63, in __call__
    await wrap_app_handling_exceptions(self.app, conn)(scope, receive, send)
  File "/opt/vlr-api/.venv/lib/python3.13/site-packages/starlette/_exception_handler.py", line 53, in wrapped_app
    raise exc
  File "/opt/vlr-api/.venv/lib/python3.13/site-packages/starlette/_exception_handler.py", line 42, in wrapped_app
    await app(scope, receive, sender)
  File "/opt/vlr-api/.venv/lib/python3.13/site-packages/fastapi/middleware/asyncexitstack.py", line 18, in __call__
    await self.app(scope, receive, send)
  File "/opt/vlr-api/.venv/lib/python3.13/site-packages/starlette/routing.py", line 670, in __call__
    await self.middleware_stack(scope, receive, send)
  File "/opt/vlr-api/.venv/lib/python3.13/site-packages/fastapi/routing.py", line 2734, in app
    await route.handle(scope, receive, send)
  File "/opt/vlr-api/.venv/lib/python3.13/site-packages/fastapi/routing.py", line 1780, in handle
    await self.original_router.handle(scope, receive, send)
  File "/opt/vlr-api/.venv/lib/python3.13/site-packages/fastapi/routing.py", line 2789, in handle
    await included_router._handle_selected(scope, receive, send)
  File "/opt/vlr-api/.venv/lib/python3.13/site-packages/fastapi/routing.py", line 1800, in _handle_selected
    await original_route.handle(scope, receive, send)
  File "/opt/vlr-api/.venv/lib/python3.13/site-packages/fastapi/routing.py", line 1279, in handle
    await app(scope, receive, send)
  File "/opt/vlr-api/.venv/lib/python3.13/site-packages/fastapi/routing.py", line 158, in app
    await wrap_app_handling_exceptions(app, request)(scope, receive, send)
  File "/opt/vlr-api/.venv/lib/python3.13/site-packages/starlette/_exception_handler.py", line 53, in wrapped_app
    raise exc
  File "/opt/vlr-api/.venv/lib/python3.13/site-packages/starlette/_exception_handler.py", line 42, in wrapped_app
    await app(scope, receive, sender)
  File "/opt/vlr-api/.venv/lib/python3.13/site-packages/fastapi/routing.py", line 144, in app
    response = await f(request)
               ^^^^^^^^^^^^^^^^
  File "/opt/vlr-api/.venv/lib/python3.13/site-packages/fastapi/routing.py", line 706, in app
    raw_response = await run_endpoint_function(
                   ^^^^^^^^^^^^^^^^^^^^^^^^^^^^
    ...<3 lines>...
    )
    ^
  File "/opt/vlr-api/.venv/lib/python3.13/site-packages/fastapi/routing.py", line 352, in run_endpoint_function
    return await dependant.call(**values)
           ^^^^^^^^^^^^^^^^^^^^^^^^^^^^^^
  File "/opt/vlr-api/app/api/v1/routes.py", line 321, in player
    except TimeoutError as exc:
               ^^^^^^^^^^^^^^^^
  File "/opt/vlr-api/app/services/refresh.py", line 241, in refresh_player
    # External cancellation still propagates; only history failures/timeouts
  File "/opt/vlr-api/app/scrapers/players.py", line 142, in fetch_player
    html = await get_client().get_html(f"/player/{player_id}/?timespan=all")
           ^^^^^^^^^^^^^^^^^^^^^^^^^^^^^^^^^^^^^^^^^^^^^^^^^^^^^^^^^^^^^^^^^
  File "/opt/vlr-api/app/core/http.py", line 106, in get_html
    return (await self.get_raw(path)).text
            ^^^^^^^^^^^^^^^^^^^^^^^^
  File "/opt/vlr-api/app/core/http.py", line 91, in get_raw
    raise VlrNotFound(path)
app.core.http.VlrNotFound: vlr.gg 404 for /player/9001/?timespan=all
INFO:httpx:HTTP Request: GET https://fixture.invalid/player/9001/?timespan=all "HTTP/1.1 404 Not Found"
ERROR:    Exception in ASGI application
Traceback (most recent call last):
  File "/opt/vlr-api/.venv/lib/python3.13/site-packages/uvicorn/protocols/http/httptools_impl.py", line 422, in run_asgi
    result = await app(  # type: ignore[func-returns-value]
             ^^^^^^^^^^^^^^^^^^^^^^^^^^^^^^^^^^^^^^^^^^^^^^
        self.scope, self.receive, self.send
        ^^^^^^^^^^^^^^^^^^^^^^^^^^^^^^^^^^^
    )
    ^
  File "/opt/vlr-api/.venv/lib/python3.13/site-packages/uvicorn/middleware/proxy_headers.py", line 63, in __call__
    return await self.app(scope, receive, send)
           ^^^^^^^^^^^^^^^^^^^^^^^^^^^^^^^^^^^^
  File "/opt/vlr-api/.venv/lib/python3.13/site-packages/fastapi/applications.py", line 1163, in __call__
    await super().__call__(scope, receive, send)
  File "/opt/vlr-api/.venv/lib/python3.13/site-packages/starlette/applications.py", line 96, in __call__
    await self.middleware_stack(scope, receive, send)
  File "/opt/vlr-api/.venv/lib/python3.13/site-packages/starlette/middleware/errors.py", line 186, in __call__
    raise exc
  File "/opt/vlr-api/.venv/lib/python3.13/site-packages/starlette/middleware/errors.py", line 164, in __call__
    await self.app(scope, receive, _send)
  File "/opt/vlr-api/.venv/lib/python3.13/site-packages/starlette/middleware/exceptions.py", line 63, in __call__
    await wrap_app_handling_exceptions(self.app, conn)(scope, receive, send)
  File "/opt/vlr-api/.venv/lib/python3.13/site-packages/starlette/_exception_handler.py", line 53, in wrapped_app
    raise exc
  File "/opt/vlr-api/.venv/lib/python3.13/site-packages/starlette/_exception_handler.py", line 42, in wrapped_app
    await app(scope, receive, sender)
  File "/opt/vlr-api/.venv/lib/python3.13/site-packages/fastapi/middleware/asyncexitstack.py", line 18, in __call__
    await self.app(scope, receive, send)
  File "/opt/vlr-api/.venv/lib/python3.13/site-packages/starlette/routing.py", line 670, in __call__
    await self.middleware_stack(scope, receive, send)
  File "/opt/vlr-api/.venv/lib/python3.13/site-packages/fastapi/routing.py", line 2734, in app
    await route.handle(scope, receive, send)
  File "/opt/vlr-api/.venv/lib/python3.13/site-packages/fastapi/routing.py", line 1780, in handle
    await self.original_router.handle(scope, receive, send)
  File "/opt/vlr-api/.venv/lib/python3.13/site-packages/fastapi/routing.py", line 2789, in handle
    await included_router._handle_selected(scope, receive, send)
  File "/opt/vlr-api/.venv/lib/python3.13/site-packages/fastapi/routing.py", line 1800, in _handle_selected
    await original_route.handle(scope, receive, send)
  File "/opt/vlr-api/.venv/lib/python3.13/site-packages/fastapi/routing.py", line 1279, in handle
    await app(scope, receive, send)
  File "/opt/vlr-api/.venv/lib/python3.13/site-packages/fastapi/routing.py", line 158, in app
    await wrap_app_handling_exceptions(app, request)(scope, receive, send)
  File "/opt/vlr-api/.venv/lib/python3.13/site-packages/starlette/_exception_handler.py", line 53, in wrapped_app
    raise exc
  File "/opt/vlr-api/.venv/lib/python3.13/site-packages/starlette/_exception_handler.py", line 42, in wrapped_app
    await app(scope, receive, sender)
  File "/opt/vlr-api/.venv/lib/python3.13/site-packages/fastapi/routing.py", line 144, in app
    response = await f(request)
               ^^^^^^^^^^^^^^^^
  File "/opt/vlr-api/.venv/lib/python3.13/site-packages/fastapi/routing.py", line 706, in app
    raw_response = await run_endpoint_function(
                   ^^^^^^^^^^^^^^^^^^^^^^^^^^^^
    ...<3 lines>...
    )
    ^
  File "/opt/vlr-api/.venv/lib/python3.13/site-packages/fastapi/routing.py", line 352, in run_endpoint_function
    return await dependant.call(**values)
           ^^^^^^^^^^^^^^^^^^^^^^^^^^^^^^
  File "/opt/vlr-api/app/api/v1/routes.py", line 321, in player
    except TimeoutError as exc:
               ^^^^^^^^^^^^^^^^
  File "/opt/vlr-api/app/services/refresh.py", line 241, in refresh_player
    # External cancellation still propagates; only history failures/timeouts
  File "/opt/vlr-api/app/scrapers/players.py", line 142, in fetch_player
    html = await get_client().get_html(f"/player/{player_id}/?timespan=all")
           ^^^^^^^^^^^^^^^^^^^^^^^^^^^^^^^^^^^^^^^^^^^^^^^^^^^^^^^^^^^^^^^^^
  File "/opt/vlr-api/app/core/http.py", line 106, in get_html
    return (await self.get_raw(path)).text
            ^^^^^^^^^^^^^^^^^^^^^^^^
  File "/opt/vlr-api/app/core/http.py", line 91, in get_raw
    raise VlrNotFound(path)
app.core.http.VlrNotFound: vlr.gg 404 for /player/9001/?timespan=all
INFO:httpx:HTTP Request: GET https://fixture.invalid/team/9001 "HTTP/1.1 200 OK"
ERROR:    Exception in ASGI application
Traceback (most recent call last):
  File "/opt/vlr-api/.venv/lib/python3.13/site-packages/uvicorn/protocols/http/httptools_impl.py", line 422, in run_asgi
    result = await app(  # type: ignore[func-returns-value]
             ^^^^^^^^^^^^^^^^^^^^^^^^^^^^^^^^^^^^^^^^^^^^^^
        self.scope, self.receive, self.send
        ^^^^^^^^^^^^^^^^^^^^^^^^^^^^^^^^^^^
    )
    ^
  File "/opt/vlr-api/.venv/lib/python3.13/site-packages/uvicorn/middleware/proxy_headers.py", line 63, in __call__
    return await self.app(scope, receive, send)
           ^^^^^^^^^^^^^^^^^^^^^^^^^^^^^^^^^^^^
  File "/opt/vlr-api/.venv/lib/python3.13/site-packages/fastapi/applications.py", line 1163, in __call__
    await super().__call__(scope, receive, send)
  File "/opt/vlr-api/.venv/lib/python3.13/site-packages/starlette/applications.py", line 96, in __call__
    await self.middleware_stack(scope, receive, send)
  File "/opt/vlr-api/.venv/lib/python3.13/site-packages/starlette/middleware/errors.py", line 186, in __call__
    raise exc
  File "/opt/vlr-api/.venv/lib/python3.13/site-packages/starlette/middleware/errors.py", line 164, in __call__
    await self.app(scope, receive, _send)
  File "/opt/vlr-api/.venv/lib/python3.13/site-packages/starlette/middleware/exceptions.py", line 63, in __call__
    await wrap_app_handling_exceptions(self.app, conn)(scope, receive, send)
  File "/opt/vlr-api/.venv/lib/python3.13/site-packages/starlette/_exception_handler.py", line 53, in wrapped_app
    raise exc
  File "/opt/vlr-api/.venv/lib/python3.13/site-packages/starlette/_exception_handler.py", line 42, in wrapped_app
    await app(scope, receive, sender)
  File "/opt/vlr-api/.venv/lib/python3.13/site-packages/fastapi/middleware/asyncexitstack.py", line 18, in __call__
    await self.app(scope, receive, send)
  File "/opt/vlr-api/.venv/lib/python3.13/site-packages/starlette/routing.py", line 670, in __call__
    await self.middleware_stack(scope, receive, send)
  File "/opt/vlr-api/.venv/lib/python3.13/site-packages/fastapi/routing.py", line 2734, in app
    await route.handle(scope, receive, send)
  File "/opt/vlr-api/.venv/lib/python3.13/site-packages/fastapi/routing.py", line 1780, in handle
    await self.original_router.handle(scope, receive, send)
  File "/opt/vlr-api/.venv/lib/python3.13/site-packages/fastapi/routing.py", line 2789, in handle
    await included_router._handle_selected(scope, receive, send)
  File "/opt/vlr-api/.venv/lib/python3.13/site-packages/fastapi/routing.py", line 1800, in _handle_selected
    await original_route.handle(scope, receive, send)
  File "/opt/vlr-api/.venv/lib/python3.13/site-packages/fastapi/routing.py", line 1279, in handle
    await app(scope, receive, send)
  File "/opt/vlr-api/.venv/lib/python3.13/site-packages/fastapi/routing.py", line 158, in app
    await wrap_app_handling_exceptions(app, request)(scope, receive, send)
  File "/opt/vlr-api/.venv/lib/python3.13/site-packages/starlette/_exception_handler.py", line 53, in wrapped_app
    raise exc
  File "/opt/vlr-api/.venv/lib/python3.13/site-packages/starlette/_exception_handler.py", line 42, in wrapped_app
    await app(scope, receive, sender)
  File "/opt/vlr-api/.venv/lib/python3.13/site-packages/fastapi/routing.py", line 144, in app
    response = await f(request)
               ^^^^^^^^^^^^^^^^
  File "/opt/vlr-api/.venv/lib/python3.13/site-packages/fastapi/routing.py", line 706, in app
    raw_response = await run_endpoint_function(
                   ^^^^^^^^^^^^^^^^^^^^^^^^^^^^
    ...<3 lines>...
    )
    ^
  File "/opt/vlr-api/.venv/lib/python3.13/site-packages/fastapi/routing.py", line 352, in run_endpoint_function
    return await dependant.call(**values)
           ^^^^^^^^^^^^^^^^^^^^^^^^^^^^^^
  File "/opt/vlr-api/app/api/v1/routes.py", line 331, in team
    #
  File "/opt/vlr-api/app/services/refresh.py", line 364, in refresh_team
    """On-demand: scrape a team detail page, cache it, persist a snapshot, and
                   ^^^^^^^^^^^^^^
  File "/tmp/vlr-reliability/fixture_backend.py", line 23, in __aenter__
    if scenario()=='dbfailed':raise RuntimeError('CONTROLLED database outage')
                              ^^^^^^^^^^^^^^^^^^^^^^^^^^^^^^^^^^^^^^^^^^^^^^^^
RuntimeError: CONTROLLED database outage
INFO:httpx:HTTP Request: GET https://fixture.invalid/player/9001/?timespan=all "HTTP/1.1 200 OK"
ERROR:    Exception in ASGI application
Traceback (most recent call last):
  File "/opt/vlr-api/.venv/lib/python3.13/site-packages/uvicorn/protocols/http/httptools_impl.py", line 422, in run_asgi
    result = await app(  # type: ignore[func-returns-value]
             ^^^^^^^^^^^^^^^^^^^^^^^^^^^^^^^^^^^^^^^^^^^^^^
        self.scope, self.receive, self.send
        ^^^^^^^^^^^^^^^^^^^^^^^^^^^^^^^^^^^
    )
    ^
  File "/opt/vlr-api/.venv/lib/python3.13/site-packages/uvicorn/middleware/proxy_headers.py", line 63, in __call__
    return await self.app(scope, receive, send)
           ^^^^^^^^^^^^^^^^^^^^^^^^^^^^^^^^^^^^
  File "/opt/vlr-api/.venv/lib/python3.13/site-packages/fastapi/applications.py", line 1163, in __call__
    await super().__call__(scope, receive, send)
  File "/opt/vlr-api/.venv/lib/python3.13/site-packages/starlette/applications.py", line 96, in __call__
    await self.middleware_stack(scope, receive, send)
  File "/opt/vlr-api/.venv/lib/python3.13/site-packages/starlette/middleware/errors.py", line 186, in __call__
    raise exc
  File "/opt/vlr-api/.venv/lib/python3.13/site-packages/starlette/middleware/errors.py", line 164, in __call__
    await self.app(scope, receive, _send)
  File "/opt/vlr-api/.venv/lib/python3.13/site-packages/starlette/middleware/exceptions.py", line 63, in __call__
    await wrap_app_handling_exceptions(self.app, conn)(scope, receive, send)
  File "/opt/vlr-api/.venv/lib/python3.13/site-packages/starlette/_exception_handler.py", line 53, in wrapped_app
    raise exc
  File "/opt/vlr-api/.venv/lib/python3.13/site-packages/starlette/_exception_handler.py", line 42, in wrapped_app
    await app(scope, receive, sender)
  File "/opt/vlr-api/.venv/lib/python3.13/site-packages/fastapi/middleware/asyncexitstack.py", line 18, in __call__
    await self.app(scope, receive, send)
  File "/opt/vlr-api/.venv/lib/python3.13/site-packages/starlette/routing.py", line 670, in __call__
    await self.middleware_stack(scope, receive, send)
  File "/opt/vlr-api/.venv/lib/python3.13/site-packages/fastapi/routing.py", line 2734, in app
    await route.handle(scope, receive, send)
  File "/opt/vlr-api/.venv/lib/python3.13/site-packages/fastapi/routing.py", line 1780, in handle
    await self.original_router.handle(scope, receive, send)
  File "/opt/vlr-api/.venv/lib/python3.13/site-packages/fastapi/routing.py", line 2789, in handle
    await included_router._handle_selected(scope, receive, send)
  File "/opt/vlr-api/.venv/lib/python3.13/site-packages/fastapi/routing.py", line 1800, in _handle_selected
    await original_route.handle(scope, receive, send)
  File "/opt/vlr-api/.venv/lib/python3.13/site-packages/fastapi/routing.py", line 1279, in handle
    await app(scope, receive, send)
  File "/opt/vlr-api/.venv/lib/python3.13/site-packages/fastapi/routing.py", line 158, in app
    await wrap_app_handling_exceptions(app, request)(scope, receive, send)
  File "/opt/vlr-api/.venv/lib/python3.13/site-packages/starlette/_exception_handler.py", line 53, in wrapped_app
    raise exc
  File "/opt/vlr-api/.venv/lib/python3.13/site-packages/starlette/_exception_handler.py", line 42, in wrapped_app
    await app(scope, receive, sender)
  File "/opt/vlr-api/.venv/lib/python3.13/site-packages/fastapi/routing.py", line 144, in app
    response = await f(request)
               ^^^^^^^^^^^^^^^^
  File "/opt/vlr-api/.venv/lib/python3.13/site-packages/fastapi/routing.py", line 706, in app
    raw_response = await run_endpoint_function(
                   ^^^^^^^^^^^^^^^^^^^^^^^^^^^^
    ...<3 lines>...
    )
    ^
  File "/opt/vlr-api/.venv/lib/python3.13/site-packages/fastapi/routing.py", line 352, in run_endpoint_function
    return await dependant.call(**values)
           ^^^^^^^^^^^^^^^^^^^^^^^^^^^^^^
  File "/opt/vlr-api/app/api/v1/routes.py", line 321, in player
    except TimeoutError as exc:
               ^^^^^^^^^^^^^^^^
  File "/opt/vlr-api/app/services/refresh.py", line 252, in refresh_player
    ⚠️ There is NO dedup here: every call appends a snapshot row. That is correct
           ^^^^^^^^^^^^^^
  File "/tmp/vlr-reliability/fixture_backend.py", line 23, in __aenter__
    if scenario()=='dbfailed':raise RuntimeError('CONTROLLED database outage')
                              ^^^^^^^^^^^^^^^^^^^^^^^^^^^^^^^^^^^^^^^^^^^^^^^^
RuntimeError: CONTROLLED database outage
INFO:httpx:HTTP Request: GET https://fixture.invalid/team/9001 "HTTP/1.1 200 OK"
INFO:httpx:HTTP Request: GET https://fixture.invalid/player/9001/?timespan=all "HTTP/1.1 200 OK"
INFO:httpx:HTTP Request: GET https://fixture.invalid/9001 "HTTP/1.1 200 OK"
INFO:httpx:HTTP Request: GET https://fixture.invalid/team/9001 "HTTP/1.1 200 OK"
INFO:httpx:HTTP Request: GET https://fixture.invalid/player/9001/?timespan=all "HTTP/1.1 200 OK"
INFO:httpx:HTTP Request: GET https://fixture.invalid/stats/?region=na&timespan=all "HTTP/1.1 200 OK"
INFO:httpx:HTTP Request: GET https://fixture.invalid/stats/?region=eu&timespan=all "HTTP/1.1 200 OK"
INFO:httpx:HTTP Request: GET https://fixture.invalid/stats/?region=na&timespan=all "HTTP/1.1 200 OK"
INFO:httpx:HTTP Request: GET https://fixture.invalid/stats/?region=na&timespan=all "HTTP/1.1 200 OK"
INFO:httpx:HTTP Request: GET https://fixture.invalid/stats/?region=eu&timespan=all "HTTP/1.1 200 OK"
INFO:httpx:HTTP Request: GET https://fixture.invalid/stats/?region=eu&timespan=all "HTTP/1.1 200 OK"
INFO:httpx:HTTP Request: GET https://fixture.invalid/9001 "HTTP/1.1 200 OK"
INFO:httpx:HTTP Request: GET https://fixture.invalid/team/9001 "HTTP/1.1 200 OK"
INFO:httpx:HTTP Request: GET https://fixture.invalid/player/9001/?timespan=all "HTTP/1.1 200 OK"
